// Jest Snapshot v1, https://goo.gl/fbAQLP

exports[`AddRecipe component renders properly 1`] = `
<div
  className="container-fluid dborder mt-5 col-sm-8 offset-sm-2 col-md-8 offset-md-1 pt-3"
>
  <h2>
    Add Recipe
  </h2>
  <hr />
  <form
    onSubmit={[Function]}
  >
    <div
      className="container"
    >
      <div
        className="col-xs-7"
      >
        <p>
          Please fill in this form to add a new Recipe.
        </p>
      </div>
      <div
        className="form-group col-xs-7"
      >
        <label
          htmlFor="sel1"
        >
          Select Category:
        </label>
        <select
          className="form-control"
          name="catid"
          onChange={[Function]}
        >
          <option>
            No Category
          </option>
        </select>
      </div>
      <div
        className="form-group col-xs-7"
      >
        <label
          htmlFor="name"
        >
          Name:
        </label>
        <input
          className="form-control"
          id="fullname"
          name="recname"
          onChange={[Function]}
          placeholder="Enter Name"
          type="text"
        />
      </div>
      <div
        className="form-group col-xs-7"
      >
        <label
          htmlFor="ingredient"
        >
          Ingredients:
        </label>
        <textarea
          className="form-control"
          id="ingredient"
          name="recdesc"
          onChange={[Function]}
          placeholder="Enter Ingredients"
          row="5"
        />
      </div>
      <div
        className="col-xs-10"
      >
        <button
          className="btn btn-primary btn-md"
          type="submit"
        >
          <span
            className="glyphicon glyphicon-floppy-save"
          >
                Save          
          </span>
        </button>
      </div>
    </div>
  </form>
</div>
`;
